# dune build
# OCAMLPARAM: unset
# Shared cache: disabled
# Shared cache location: /home/noklon/.cache/dune/db
# Workspace root: /home/noklon/OCAML-projects/Blat5
# Auto-detected concurrency: 16
# Dune context:
#  { name = "default"
#  ; kind = "default"
#  ; profile = Dev
#  ; merlin = true
#  ; fdo_target_exe = None
#  ; build_dir = In_build_dir "default"
#  ; installed_env =
#      map
#        { "INSIDE_DUNE" : "/home/noklon/OCAML-projects/Blat5/_build/default" }
#  ; instrument_with = []
#  }
$ /home/noklon/.opam/main/bin/ocamlc.opt -config > /tmp/dune_b86192_output
$ (cd _build/default && /home/noklon/.opam/main/bin/ocamlopt.opt -w @1..3@5..28@31..39@43@46..47@49..57@61..62@67@69-40 -strict-sequence -strict-formats -short-paths -keep-locs -g -I bin/.main.eobjs/byte -I bin/.main.eobjs/native -I lib/.Blat5.objs/byte -I lib/.Blat5.objs/native -intf-suffix .ml -no-alias-deps -opaque -o bin/.main.eobjs/native/dune__exe__Main.cmx -c -impl bin/main.ml)
> File "bin/main.ml", line 17, characters 12-16:
> 17 |     let rec foo1 x y b = 
>                  ^^^^
> Error (warning 39 [unused-rec-flag]): unused rec flag.
>
> File "bin/main.ml", line 1, characters 8-18:
> 1 | let rec interleave lst1 lst2 lst3 oglst =
>             ^^^^^^^^^^
> Error (warning 32 [unused-value-declaration]): unused value interleave.
>
> File "bin/main.ml", line 16, characters 10-13:
> 16 |   let rec foo (x :int) (y : int) (b : bool) = 
>                ^^^
> Error (warning 32 [unused-value-declaration]): unused value foo.
>
> File "bin/main.ml", line 24, characters 6-15:
> 24 |   let eval_poly (x :float) (lst : float list) =
>            ^^^^^^^^^
> Error (warning 32 [unused-value-declaration]): unused value eval_poly.
>
> File "bin/main.ml", line 37, characters 10-14:
> 37 |   let rec size n = function
>                ^^^^
> Error (warning 32 [unused-value-declaration]): unused value size.
>
> File "bin/main.ml", line 46, characters 6-18:
> 46 |   let allpossiblen lst n =
>            ^^^^^^^^^^^^
> Error (warning 32 [unused-value-declaration]): unused value allpossiblen.
[2]
