# dune build
# OCAMLPARAM: unset
# Shared cache: disabled
# Shared cache location: /home/noklon/.cache/dune/db
# Workspace root: /home/noklon/OCAML-projects/lazy_list
# Auto-detected concurrency: 16
# Dune context:
#  { name = "default"
#  ; kind = "default"
#  ; profile = Dev
#  ; merlin = true
#  ; fdo_target_exe = None
#  ; build_dir = In_build_dir "default"
#  ; instrument_with = []
#  }
$ /home/noklon/.opam/mine/bin/ocamlc.opt -config > /tmp/dune_9d1c62_output
$ (cd _build/default && /home/noklon/.opam/mine/bin/ocamlopt.opt -w @1..3@5..28@31..39@43@46..47@49..57@61..62@67@69-40 -strict-sequence -strict-formats -short-paths -keep-locs -g -I bin/.main.eobjs/byte -I bin/.main.eobjs/native -I lib/.lazy_list.objs/byte -I lib/.lazy_list.objs/native -intf-suffix .ml -no-alias-deps -opaque -o bin/.main.eobjs/native/dune__exe__Main.cmx -c -impl bin/main.ml)
> File "bin/main.ml", line 32, characters 9-12:
> 32 |  let rec map f ocamlllist = Lazy.map f ocamlllist;;
>               ^^^
> Error (warning 39 [unused-rec-flag]): unused rec flag.
>
> File "bin/main.ml", line 4, characters 4-8:
> 4 | let lfib () = 
>         ^^^^
> Error (warning 32 [unused-value-declaration]): unused value lfib.
>
> File "bin/main.ml", line 8, characters 8-13:
> 8 | let rec ltake n = function
>             ^^^^^
> Error (warning 32 [unused-value-declaration]): unused value ltake.
>
> File "bin/main.ml", line 12, characters 8-15:
> 12 | let rec lfilter funct = function
>              ^^^^^^^
> Error (warning 32 [unused-value-declaration]): unused value lfilter.
>
> File "bin/main.ml", line 16, characters 8-12:
> 16 | let rec lmap funct = function
>              ^^^^
> Error (warning 32 [unused-value-declaration]): unused value lmap.
>
> File "bin/main.ml", line 27, characters 9-12:
> 27 |  let rec map f llist = match llist () with
>               ^^^
> Error (warning 32 [unused-value-declaration]): unused value map.
>
> File "bin/main.ml", line 32, characters 9-12:
> 32 |  let rec map f ocamlllist = Lazy.map f ocamlllist;;
>               ^^^
> Error (warning 32 [unused-value-declaration]): unused value map.
>
> File "bin/main.ml", line 35, characters 9-14:
> 35 |  let rec merge llist1 llist2 = match llist1 (), llist2 () with
>               ^^^^^
> Error (warning 32 [unused-value-declaration]): unused value merge.
>
> File "bin/main.ml", line 42, characters 9-14:
> 42 |  let rec merge (llist1 : 'a ocaml_llist) (llist2 : 'a ocaml_llist) = match Lazy.force llist1, Lazy.force llist2 with
>               ^^^^^
> Error (warning 32 [unused-value-declaration]): unused value merge.
>
> File "bin/main.ml", line 49, characters 9-31:
> 49 |  let rec drop_dupl_custom_llist llist x = 
>               ^^^^^^^^^^^^^^^^^^^^^^
> Error (warning 32 [unused-value-declaration]): unused value drop_dupl_custom_llist.
>
> File "bin/main.ml", line 54, characters 9-30:
> 54 |  let rec drop_dupl_ocaml_llist llist x =  match Lazy.force llist with
>               ^^^^^^^^^^^^^^^^^^^^^
> Error (warning 32 [unused-value-declaration]): unused value drop_dupl_ocaml_llist.
>
> File "bin/main.ml", line 59, characters 9-23:
> 59 |  let rec from_to_custom from to_ step =      
>               ^^^^^^^^^^^^^^
> Error (warning 32 [unused-value-declaration]): unused value from_to_custom.
>
> File "bin/main.ml", line 64, characters 8-26:
> 64 | let rec print_custom_llist n c_list =
>              ^^^^^^^^^^^^^^^^^^
> Error (warning 32 [unused-value-declaration]): unused value print_custom_llist.
>
> File "bin/main.ml", line 74, characters 8-30:
> 74 | let rec custom_llist_to_string n c_list =
>              ^^^^^^^^^^^^^^^^^^^^^^
> Error (warning 32 [unused-value-declaration]): unused value custom_llist_to_string.
>
> File "bin/main.ml", line 83, characters 8-21:
> 83 | let rec from_to_ocaml from to_ step =
>              ^^^^^^^^^^^^^
> Error (warning 32 [unused-value-declaration]): unused value from_to_ocaml.
>
> File "bin/main.ml", line 89, characters 8-25:
> 89 | let rec print_ocaml_llist n o_list =
>              ^^^^^^^^^^^^^^^^^
> Error (warning 32 [unused-value-declaration]): unused value print_ocaml_llist.
>
> File "bin/main.ml", line 99, characters 8-29:
> 99 | let rec ocaml_llist_to_string n o_list =
>              ^^^^^^^^^^^^^^^^^^^^^
> Error (warning 32 [unused-value-declaration]): unused value ocaml_llist_to_string.
[2]
