# dune build
# OCAMLPARAM: unset
# Shared cache: disabled
# Shared cache location: /home/noklon/.cache/dune/db
# Workspace root: /home/noklon/OCAML-projects/HW3
# Auto-detected concurrency: 16
# Dune context:
#  { name = "default"
#  ; kind = "default"
#  ; profile = Dev
#  ; merlin = true
#  ; fdo_target_exe = None
#  ; build_dir = In_build_dir "default"
#  ; installed_env =
#      map
#        { "INSIDE_DUNE" : "/home/noklon/OCAML-projects/HW3/_build/default"
#        ; "OCAML_COLOR" : "always"
#        ; "OPAMCOLOR" : "always"
#        }
#  ; instrument_with = []
#  }
$ /home/noklon/.opam/main/bin/ocamlc.opt -config > /tmp/dune_2dcd51_output
$ (cd _build/default && /home/noklon/.opam/main/bin/ocamlopt.opt -w @1..3@5..28@31..39@43@46..47@49..57@61..62@67@69-40 -strict-sequence -strict-formats -short-paths -keep-locs -g -I bin/.main.eobjs/byte -I bin/.main.eobjs/native -I lib/.HW3.objs/byte -I lib/.HW3.objs/native -intf-suffix .ml -no-alias-deps -opaque -o bin/.main.eobjs/native/dune__exe__Main.cmx -c -impl bin/main.ml)
> File "bin/main.ml", line 1, characters 8-14:
> 1 | let rec member c t l =
>             ^^^^^^
> Error (warning 32 [unused-value-declaration]): unused value member.
>
> File "bin/main.ml", line 6, characters 4-27:
> 6 | let equal_second_components x y =
>         ^^^^^^^^^^^^^^^^^^^^^^^
> Error (warning 32 [unused-value-declaration]): unused value equal_second_components.
>
> File "bin/main.ml", line 10, characters 4-31:
> 10 | let evens_eq_evens_odds_eq_odds x y =
>          ^^^^^^^^^^^^^^^^^^^^^^^^^^^
> Error (warning 32 [unused-value-declaration]): unused value evens_eq_evens_odds_eq_odds.
>
> File "bin/main.ml", line 13, characters 4-21:
> 13 | let count_occurrences list =
>          ^^^^^^^^^^^^^^^^^
> Error (warning 32 [unused-value-declaration]): unused value count_occurrences.
>
> File "bin/main.ml", line 28, characters 8-17:
> 28 | let rec drop_last = function
>              ^^^^^^^^^
> Error (warning 32 [unused-value-declaration]): unused value drop_last.
>
> File "bin/main.ml", line 33, characters 4-12:
> 33 | let zip_with f lst lst1 =
>          ^^^^^^^^
> Error (warning 32 [unused-value-declaration]): unused value zip_with.
>
> File "bin/main.ml", line 40, characters 4-9:
> 40 | let unzip lst =
>          ^^^^^
> Error (warning 32 [unused-value-declaration]): unused value unzip.
>
> File "bin/main.ml", line 46, characters 12-15:
> 46 | type team = Arg | Sau | Mex | Pol | Por | Kor | Uru | Gha
>                  ^^^
> Error (warning 37 [unused-constructor]): unused constructor Arg.
>
> File "bin/main.ml", line 46, characters 16-21:
> 46 | type team = Arg | Sau | Mex | Pol | Por | Kor | Uru | Gha
>                      ^^^^^
> Error (warning 37 [unused-constructor]): unused constructor Sau.
>
> File "bin/main.ml", line 46, characters 22-27:
> 46 | type team = Arg | Sau | Mex | Pol | Por | Kor | Uru | Gha
>                            ^^^^^
> Error (warning 37 [unused-constructor]): unused constructor Mex.
>
> File "bin/main.ml", line 46, characters 28-33:
> 46 | type team = Arg | Sau | Mex | Pol | Por | Kor | Uru | Gha
>                                  ^^^^^
> Error (warning 37 [unused-constructor]): unused constructor Pol.
>
> File "bin/main.ml", line 46, characters 34-39:
> 46 | type team = Arg | Sau | Mex | Pol | Por | Kor | Uru | Gha
>                                        ^^^^^
> Error (warning 37 [unused-constructor]): unused constructor Por.
>
> File "bin/main.ml", line 46, characters 40-45:
> 46 | type team = Arg | Sau | Mex | Pol | Por | Kor | Uru | Gha
>                                              ^^^^^
> Error (warning 37 [unused-constructor]): unused constructor Kor.
>
> File "bin/main.ml", line 46, characters 46-51:
> 46 | type team = Arg | Sau | Mex | Pol | Por | Kor | Uru | Gha
>                                                    ^^^^^
> Error (warning 37 [unused-constructor]): unused constructor Uru.
>
> File "bin/main.ml", line 46, characters 52-57:
> 46 | type team = Arg | Sau | Mex | Pol | Por | Kor | Uru | Gha
>                                                          ^^^^^
> Error (warning 37 [unused-constructor]): unused constructor Gha.
>
> File "bin/main.ml", line 48, characters 2-14:
> 48 |   team : team;
>        ^^^^^^^^^^^^
> Error (warning 69 [unused-field]): record field team is never read.
> (However, this field is used to build or mutate values.)
>
> File "bin/main.ml", line 52, characters 2-15:
> 52 |   losses : int;
>        ^^^^^^^^^^^^^
> Error (warning 69 [unused-field]): record field losses is never read.
> (However, this field is used to build or mutate values.)
>
> File "bin/main.ml", line 53, characters 2-14:
> 53 |   goals : int;
>        ^^^^^^^^^^^^
> Error (warning 69 [unused-field]): record field goals is never read.
> (However, this field is used to build or mutate values.)
>
> File "bin/main.ml", line 54, characters 2-14:
> 54 |   lgoals : int
>        ^^^^^^^^^^^^
> Error (warning 69 [unused-field]): record field lgoals is never read.
> (However, this field is used to build or mutate values.)
>
> File "bin/main.ml", line 102, characters 4-21:
> 102 | let table_and_scorers (lst : (team * 'a list * team * 'a list) list) =
>           ^^^^^^^^^^^^^^^^^
> Error (warning 32 [unused-value-declaration]): unused value table_and_scorers.
[2]
